mode: set
github.com/connoraubry/losers_circle/src/stems/graph/graph.go:20.46,26.34 4 1
github.com/connoraubry/losers_circle/src/stems/graph/graph.go:26.34,29.3 2 1
github.com/connoraubry/losers_circle/src/stems/graph/graph.go:30.2,30.34 1 1
github.com/connoraubry/losers_circle/src/stems/graph/graph.go:30.34,33.3 2 1
github.com/connoraubry/losers_circle/src/stems/graph/graph.go:35.2,39.10 4 1
github.com/connoraubry/losers_circle/src/stems/graph/graph.go:42.19,46.2 3 1
github.com/connoraubry/losers_circle/src/stems/graph/graph.go:48.50,50.36 1 1
github.com/connoraubry/losers_circle/src/stems/graph/graph.go:50.36,52.3 1 1
github.com/connoraubry/losers_circle/src/stems/graph/graph.go:54.2,54.24 1 1
github.com/connoraubry/losers_circle/src/stems/graph/graph.go:54.24,56.3 1 1
github.com/connoraubry/losers_circle/src/stems/graph/graph.go:58.2,67.17 5 1
github.com/connoraubry/losers_circle/src/stems/graph/graph.go:70.42,71.29 1 1
github.com/connoraubry/losers_circle/src/stems/graph/graph.go:71.29,73.3 1 1
github.com/connoraubry/losers_circle/src/stems/graph/graph.go:76.55,78.9 2 1
github.com/connoraubry/losers_circle/src/stems/graph/graph.go:78.9,80.10 2 1
github.com/connoraubry/losers_circle/src/stems/graph/graph.go:80.10,82.4 1 1
github.com/connoraubry/losers_circle/src/stems/graph/graph.go:85.2,86.9 2 1
github.com/connoraubry/losers_circle/src/stems/graph/graph.go:86.9,88.10 2 1
github.com/connoraubry/losers_circle/src/stems/graph/graph.go:88.10,90.4 1 1
github.com/connoraubry/losers_circle/src/stems/graph/graph.go:93.2,93.54 1 1
github.com/connoraubry/losers_circle/src/stems/graph/graph.go:93.54,95.3 1 1
github.com/connoraubry/losers_circle/src/stems/graph/graph.go:96.2,96.54 1 1
github.com/connoraubry/losers_circle/src/stems/graph/graph.go:96.54,98.3 1 1
github.com/connoraubry/losers_circle/src/stems/graph/graph.go:100.2,100.13 1 1
github.com/connoraubry/losers_circle/src/stems/graph/graph.go:103.59,106.9 2 1
github.com/connoraubry/losers_circle/src/stems/graph/graph.go:106.9,108.3 1 1
github.com/connoraubry/losers_circle/src/stems/graph/graph.go:109.2,110.9 2 1
github.com/connoraubry/losers_circle/src/stems/graph/graph.go:110.9,112.3 1 1
github.com/connoraubry/losers_circle/src/stems/graph/graph.go:114.2,117.78 3 1
github.com/connoraubry/losers_circle/src/stems/graph/graph.go:117.78,119.3 1 1
github.com/connoraubry/losers_circle/src/stems/graph/graph.go:121.2,121.74 1 1
github.com/connoraubry/losers_circle/src/stems/graph/graph.go:121.74,123.3 1 1
github.com/connoraubry/losers_circle/src/stems/graph/graph.go:125.2,125.12 1 1
github.com/connoraubry/losers_circle/src/stems/stems.go:36.44,42.2 4 0
github.com/connoraubry/losers_circle/src/stems/stems.go:44.34,46.2 1 0
github.com/connoraubry/losers_circle/src/stems/stems.go:48.46,51.2 1 0
github.com/connoraubry/losers_circle/src/stems/stems.go:53.36,55.2 1 0
github.com/connoraubry/losers_circle/src/stems/stems.go:57.19,62.26 4 1
github.com/connoraubry/losers_circle/src/stems/stems.go:62.26,64.3 1 1
github.com/connoraubry/losers_circle/src/stems/stems.go:66.2,66.10 1 1
github.com/connoraubry/losers_circle/src/stems/stems.go:69.25,70.35 1 0
github.com/connoraubry/losers_circle/src/stems/stems.go:70.35,73.3 2 0
github.com/connoraubry/losers_circle/src/stems/stems.go:76.31,78.31 2 0
github.com/connoraubry/losers_circle/src/stems/stems.go:78.31,79.18 1 0
github.com/connoraubry/losers_circle/src/stems/stems.go:79.18,81.4 1 0
github.com/connoraubry/losers_circle/src/stems/stems.go:83.2,83.19 1 0
github.com/connoraubry/losers_circle/src/stems/stems.go:83.19,85.3 1 0
github.com/connoraubry/losers_circle/src/stems/stems.go:86.2,87.27 2 0
github.com/connoraubry/losers_circle/src/stems/stems.go:90.30,91.37 1 0
github.com/connoraubry/losers_circle/src/stems/stems.go:91.37,94.3 2 0
github.com/connoraubry/losers_circle/src/stems/stems.go:103.30,104.34 1 0
github.com/connoraubry/losers_circle/src/stems/stems.go:104.34,107.3 2 0
github.com/connoraubry/losers_circle/src/stems/stems.go:115.29,116.35 1 0
github.com/connoraubry/losers_circle/src/stems/stems.go:116.35,118.3 1 0
github.com/connoraubry/losers_circle/src/stems/stems.go:121.32,125.2 1 1
github.com/connoraubry/losers_circle/src/stems/stems.go:127.32,131.2 1 1
github.com/connoraubry/losers_circle/src/stems/stems.go:133.29,135.2 1 1
github.com/connoraubry/losers_circle/src/stems/stems.go:137.38,140.31 2 1
github.com/connoraubry/losers_circle/src/stems/stems.go:140.31,145.37 3 1
github.com/connoraubry/losers_circle/src/stems/stems.go:145.37,151.11 3 1
github.com/connoraubry/losers_circle/src/stems/stems.go:151.11,154.5 2 1
github.com/connoraubry/losers_circle/src/stems/stems.go:155.4,155.14 1 1
github.com/connoraubry/losers_circle/src/stems/stems.go:158.2,159.21 2 1
github.com/connoraubry/losers_circle/src/stems/stems.go:162.56,174.52 6 1
github.com/connoraubry/losers_circle/src/stems/stems.go:174.52,178.45 2 1
github.com/connoraubry/losers_circle/src/stems/stems.go:178.45,179.61 1 1
github.com/connoraubry/losers_circle/src/stems/stems.go:179.61,182.64 2 1
github.com/connoraubry/losers_circle/src/stems/stems.go:182.64,183.67 1 1
github.com/connoraubry/losers_circle/src/stems/stems.go:183.67,186.63 1 1
github.com/connoraubry/losers_circle/src/stems/stems.go:186.63,187.16 1 0
github.com/connoraubry/losers_circle/src/stems/stems.go:190.7,193.44 2 1
github.com/connoraubry/losers_circle/src/stems/stems.go:193.44,195.30 1 0
github.com/connoraubry/losers_circle/src/stems/stems.go:195.30,196.49 1 0
github.com/connoraubry/losers_circle/src/stems/stems.go:196.49,197.18 1 0
github.com/connoraubry/losers_circle/src/stems/stems.go:200.9,212.46 3 0
github.com/connoraubry/losers_circle/src/stems/stems.go:214.8,214.16 1 0
github.com/connoraubry/losers_circle/src/stems/stems.go:219.7,234.21 2 1
github.com/connoraubry/losers_circle/src/stems/stems.go:237.5,237.33 1 1
github.com/connoraubry/losers_circle/src/stems/stems.go:237.33,238.52 1 1
github.com/connoraubry/losers_circle/src/stems/stems.go:238.52,241.7 2 1
github.com/connoraubry/losers_circle/src/stems/stems.go:241.12,243.7 1 1
github.com/connoraubry/losers_circle/src/stems/stems.go:244.6,244.35 1 1
github.com/connoraubry/losers_circle/src/stems/stems.go:249.2,250.31 2 1
github.com/connoraubry/losers_circle/src/stems/stems.go:255.44,256.37 1 1
github.com/connoraubry/losers_circle/src/stems/stems.go:256.37,257.34 1 0
github.com/connoraubry/losers_circle/src/stems/stems.go:257.34,259.4 1 0
github.com/connoraubry/losers_circle/src/stems/stems.go:261.2,261.41 1 1
github.com/connoraubry/losers_circle/src/stems/stems.go:264.68,269.28 4 0
github.com/connoraubry/losers_circle/src/stems/stems.go:269.28,270.37 1 0
github.com/connoraubry/losers_circle/src/stems/stems.go:270.37,272.4 1 0
github.com/connoraubry/losers_circle/src/stems/stems.go:277.54,282.21 3 0
github.com/connoraubry/losers_circle/src/stems/stems.go:282.21,286.24 3 0
github.com/connoraubry/losers_circle/src/stems/stems.go:286.24,288.12 2 0
github.com/connoraubry/losers_circle/src/stems/stems.go:292.3,293.52 2 0
github.com/connoraubry/losers_circle/src/stems/stems.go:296.2,296.12 1 0
github.com/connoraubry/losers_circle/src/stems/stems.go:300.33,301.23 1 1
github.com/connoraubry/losers_circle/src/stems/stems.go:301.23,303.3 1 1
github.com/connoraubry/losers_circle/src/stems/stems.go:304.2,304.16 1 1
github.com/connoraubry/losers_circle/src/stems/graph/graph.go:20.46,26.34 4 0
github.com/connoraubry/losers_circle/src/stems/graph/graph.go:26.34,29.3 2 0
github.com/connoraubry/losers_circle/src/stems/graph/graph.go:30.2,30.34 1 0
github.com/connoraubry/losers_circle/src/stems/graph/graph.go:30.34,33.3 2 0
github.com/connoraubry/losers_circle/src/stems/graph/graph.go:35.2,39.10 4 0
github.com/connoraubry/losers_circle/src/stems/graph/graph.go:42.19,46.2 3 1
github.com/connoraubry/losers_circle/src/stems/graph/graph.go:48.50,50.36 1 1
github.com/connoraubry/losers_circle/src/stems/graph/graph.go:50.36,52.3 1 0
github.com/connoraubry/losers_circle/src/stems/graph/graph.go:54.2,54.24 1 1
github.com/connoraubry/losers_circle/src/stems/graph/graph.go:54.24,56.3 1 0
github.com/connoraubry/losers_circle/src/stems/graph/graph.go:58.2,67.17 5 1
github.com/connoraubry/losers_circle/src/stems/graph/graph.go:70.42,71.29 1 0
github.com/connoraubry/losers_circle/src/stems/graph/graph.go:71.29,73.3 1 0
github.com/connoraubry/losers_circle/src/stems/graph/graph.go:76.55,78.9 2 1
github.com/connoraubry/losers_circle/src/stems/graph/graph.go:78.9,80.10 2 1
github.com/connoraubry/losers_circle/src/stems/graph/graph.go:80.10,82.4 1 0
github.com/connoraubry/losers_circle/src/stems/graph/graph.go:85.2,86.9 2 1
github.com/connoraubry/losers_circle/src/stems/graph/graph.go:86.9,88.10 2 1
github.com/connoraubry/losers_circle/src/stems/graph/graph.go:88.10,90.4 1 0
github.com/connoraubry/losers_circle/src/stems/graph/graph.go:93.2,93.54 1 1
github.com/connoraubry/losers_circle/src/stems/graph/graph.go:93.54,95.3 1 1
github.com/connoraubry/losers_circle/src/stems/graph/graph.go:96.2,96.54 1 1
github.com/connoraubry/losers_circle/src/stems/graph/graph.go:96.54,98.3 1 1
github.com/connoraubry/losers_circle/src/stems/graph/graph.go:100.2,100.13 1 1
github.com/connoraubry/losers_circle/src/stems/graph/graph.go:103.59,106.9 2 0
github.com/connoraubry/losers_circle/src/stems/graph/graph.go:106.9,108.3 1 0
github.com/connoraubry/losers_circle/src/stems/graph/graph.go:109.2,110.9 2 0
github.com/connoraubry/losers_circle/src/stems/graph/graph.go:110.9,112.3 1 0
github.com/connoraubry/losers_circle/src/stems/graph/graph.go:114.2,117.78 3 0
github.com/connoraubry/losers_circle/src/stems/graph/graph.go:117.78,119.3 1 0
github.com/connoraubry/losers_circle/src/stems/graph/graph.go:121.2,121.74 1 0
github.com/connoraubry/losers_circle/src/stems/graph/graph.go:121.74,123.3 1 0
github.com/connoraubry/losers_circle/src/stems/graph/graph.go:125.2,125.12 1 0
