mode: set
github.com/connoraubry/losers_circle/src/stems/graph/graph.go:20.46,26.34 4 1
github.com/connoraubry/losers_circle/src/stems/graph/graph.go:26.34,29.3 2 1
github.com/connoraubry/losers_circle/src/stems/graph/graph.go:30.2,30.34 1 1
github.com/connoraubry/losers_circle/src/stems/graph/graph.go:30.34,33.3 2 1
github.com/connoraubry/losers_circle/src/stems/graph/graph.go:35.2,39.10 4 1
github.com/connoraubry/losers_circle/src/stems/graph/graph.go:42.36,44.2 1 0
github.com/connoraubry/losers_circle/src/stems/graph/graph.go:46.19,50.2 3 1
github.com/connoraubry/losers_circle/src/stems/graph/graph.go:52.50,54.36 1 1
github.com/connoraubry/losers_circle/src/stems/graph/graph.go:54.36,56.3 1 1
github.com/connoraubry/losers_circle/src/stems/graph/graph.go:58.2,58.24 1 1
github.com/connoraubry/losers_circle/src/stems/graph/graph.go:58.24,60.3 1 1
github.com/connoraubry/losers_circle/src/stems/graph/graph.go:62.2,71.17 5 1
github.com/connoraubry/losers_circle/src/stems/graph/graph.go:74.42,75.29 1 1
github.com/connoraubry/losers_circle/src/stems/graph/graph.go:75.29,77.3 1 1
github.com/connoraubry/losers_circle/src/stems/graph/graph.go:80.55,82.9 2 1
github.com/connoraubry/losers_circle/src/stems/graph/graph.go:82.9,84.10 2 1
github.com/connoraubry/losers_circle/src/stems/graph/graph.go:84.10,86.4 1 1
github.com/connoraubry/losers_circle/src/stems/graph/graph.go:89.2,90.9 2 1
github.com/connoraubry/losers_circle/src/stems/graph/graph.go:90.9,92.10 2 1
github.com/connoraubry/losers_circle/src/stems/graph/graph.go:92.10,94.4 1 1
github.com/connoraubry/losers_circle/src/stems/graph/graph.go:97.2,97.54 1 1
github.com/connoraubry/losers_circle/src/stems/graph/graph.go:97.54,99.3 1 1
github.com/connoraubry/losers_circle/src/stems/graph/graph.go:100.2,100.54 1 1
github.com/connoraubry/losers_circle/src/stems/graph/graph.go:100.54,102.3 1 1
github.com/connoraubry/losers_circle/src/stems/graph/graph.go:104.2,104.13 1 1
github.com/connoraubry/losers_circle/src/stems/graph/graph.go:107.59,110.9 2 1
github.com/connoraubry/losers_circle/src/stems/graph/graph.go:110.9,112.3 1 1
github.com/connoraubry/losers_circle/src/stems/graph/graph.go:113.2,114.9 2 1
github.com/connoraubry/losers_circle/src/stems/graph/graph.go:114.9,116.3 1 1
github.com/connoraubry/losers_circle/src/stems/graph/graph.go:118.2,121.78 3 1
github.com/connoraubry/losers_circle/src/stems/graph/graph.go:121.78,123.3 1 1
github.com/connoraubry/losers_circle/src/stems/graph/graph.go:125.2,125.74 1 1
github.com/connoraubry/losers_circle/src/stems/graph/graph.go:125.74,127.3 1 1
github.com/connoraubry/losers_circle/src/stems/graph/graph.go:129.2,129.12 1 1
